---
source: src/parser.rs
expression: elements
---
[]
